// Jest Snapshot v1, https://goo.gl/fbAQLP

exports[`renders command table interface correctly 1`] = `
Object {
  "asFragment": [Function],
  "baseElement": <body>
    <div>
      <div
        class="MuiTableContainer-root css-70zvr5-MuiTableContainer-root"
      >
        <table
          class="MuiTable-root css-1ks3uzw-MuiTable-root"
        >
          <thead
            class="MuiTableHead-root css-1a7iywq-MuiTableHead-root"
          >
            <tr
              class="MuiTableRow-root MuiTableRow-head css-16psxo0-MuiTableRow-root"
            >
              <th
                class="MuiTableCell-root MuiTableCell-head MuiTableCell-alignRight MuiTableCell-sizeMedium css-to33az-MuiTableCell-root"
                scope="col"
              >
                Command
              </th>
              <th
                class="MuiTableCell-root MuiTableCell-head MuiTableCell-alignRight MuiTableCell-sizeMedium css-to33az-MuiTableCell-root"
                scope="col"
              >
                Response
              </th>
              <th
                class="MuiTableCell-root MuiTableCell-head MuiTableCell-alignRight MuiTableCell-sizeMedium css-to33az-MuiTableCell-root"
                scope="col"
              >
                Action
              </th>
            </tr>
          </thead>
          <tbody
            class="MuiTableBody-root css-gmh7jj-MuiTableBody-root"
          />
        </table>
        <div
          class="MuiBox-root css-uy5y4h"
        />
      </div>
    </div>
  </body>,
  "container": <div>
    <div
      class="MuiTableContainer-root css-70zvr5-MuiTableContainer-root"
    >
      <table
        class="MuiTable-root css-1ks3uzw-MuiTable-root"
      >
        <thead
          class="MuiTableHead-root css-1a7iywq-MuiTableHead-root"
        >
          <tr
            class="MuiTableRow-root MuiTableRow-head css-16psxo0-MuiTableRow-root"
          >
            <th
              class="MuiTableCell-root MuiTableCell-head MuiTableCell-alignRight MuiTableCell-sizeMedium css-to33az-MuiTableCell-root"
              scope="col"
            >
              Command
            </th>
            <th
              class="MuiTableCell-root MuiTableCell-head MuiTableCell-alignRight MuiTableCell-sizeMedium css-to33az-MuiTableCell-root"
              scope="col"
            >
              Response
            </th>
            <th
              class="MuiTableCell-root MuiTableCell-head MuiTableCell-alignRight MuiTableCell-sizeMedium css-to33az-MuiTableCell-root"
              scope="col"
            >
              Action
            </th>
          </tr>
        </thead>
        <tbody
          class="MuiTableBody-root css-gmh7jj-MuiTableBody-root"
        />
      </table>
      <div
        class="MuiBox-root css-uy5y4h"
      />
    </div>
  </div>,
  "debug": [Function],
  "findAllByAltText": [Function],
  "findAllByDisplayValue": [Function],
  "findAllByLabelText": [Function],
  "findAllByPlaceholderText": [Function],
  "findAllByRole": [Function],
  "findAllByTestId": [Function],
  "findAllByText": [Function],
  "findAllByTitle": [Function],
  "findByAltText": [Function],
  "findByDisplayValue": [Function],
  "findByLabelText": [Function],
  "findByPlaceholderText": [Function],
  "findByRole": [Function],
  "findByTestId": [Function],
  "findByText": [Function],
  "findByTitle": [Function],
  "getAllByAltText": [Function],
  "getAllByDisplayValue": [Function],
  "getAllByLabelText": [Function],
  "getAllByPlaceholderText": [Function],
  "getAllByRole": [Function],
  "getAllByTestId": [Function],
  "getAllByText": [Function],
  "getAllByTitle": [Function],
  "getByAltText": [Function],
  "getByDisplayValue": [Function],
  "getByLabelText": [Function],
  "getByPlaceholderText": [Function],
  "getByRole": [Function],
  "getByTestId": [Function],
  "getByText": [Function],
  "getByTitle": [Function],
  "queryAllByAltText": [Function],
  "queryAllByDisplayValue": [Function],
  "queryAllByLabelText": [Function],
  "queryAllByPlaceholderText": [Function],
  "queryAllByRole": [Function],
  "queryAllByTestId": [Function],
  "queryAllByText": [Function],
  "queryAllByTitle": [Function],
  "queryByAltText": [Function],
  "queryByDisplayValue": [Function],
  "queryByLabelText": [Function],
  "queryByPlaceholderText": [Function],
  "queryByRole": [Function],
  "queryByTestId": [Function],
  "queryByText": [Function],
  "queryByTitle": [Function],
  "rerender": [Function],
  "store": Object {
    "@@observable": [Function],
    "dispatch": [Function],
    "getState": [Function],
    "replaceReducer": [Function],
    "subscribe": [Function],
  },
  "unmount": [Function],
}
`;
