// Jest Snapshot v1, https://goo.gl/fbAQLP

exports[`renders command form correctly 1`] = `
Object {
  "asFragment": [Function],
  "baseElement": <body>
    <div>
      <div
        class="MuiFormGroup-root css-1mac7pt-MuiFormGroup-root"
      >
        <div
          class="MuiFormControl-root MuiTextField-root css-1xp5r68-MuiFormControl-root-MuiTextField-root"
        >
          <label
            class="MuiFormLabel-root MuiInputLabel-root MuiInputLabel-formControl MuiInputLabel-animated MuiInputLabel-outlined MuiFormLabel-colorPrimary MuiInputLabel-root MuiInputLabel-formControl MuiInputLabel-animated MuiInputLabel-outlined css-19qnlrw-MuiFormLabel-root-MuiInputLabel-root"
            data-shrink="false"
            for="«r0»"
            id="«r0»-label"
          >
            Command
          </label>
          <div
            class="MuiInputBase-root MuiOutlinedInput-root MuiInputBase-colorPrimary MuiInputBase-formControl css-quhxjy-MuiInputBase-root-MuiOutlinedInput-root"
          >
            <input
              aria-invalid="false"
              class="MuiInputBase-input MuiOutlinedInput-input css-16wblaj-MuiInputBase-input-MuiOutlinedInput-input"
              id="«r0»"
              type="text"
              value=""
            />
            <fieldset
              aria-hidden="true"
              class="MuiOutlinedInput-notchedOutline css-18p5xg2-MuiNotchedOutlined-root-MuiOutlinedInput-notchedOutline"
            >
              <legend
                class="css-1n64csd-MuiNotchedOutlined-root"
              >
                <span>
                  Command
                </span>
              </legend>
            </fieldset>
          </div>
        </div>
        <br />
        <div
          class="MuiFormControl-root MuiTextField-root css-1xp5r68-MuiFormControl-root-MuiTextField-root"
        >
          <label
            class="MuiFormLabel-root MuiInputLabel-root MuiInputLabel-formControl MuiInputLabel-animated MuiInputLabel-outlined MuiFormLabel-colorPrimary MuiInputLabel-root MuiInputLabel-formControl MuiInputLabel-animated MuiInputLabel-outlined css-19qnlrw-MuiFormLabel-root-MuiInputLabel-root"
            data-shrink="false"
            for="«r1»"
            id="«r1»-label"
          >
            Response
          </label>
          <div
            class="MuiInputBase-root MuiOutlinedInput-root MuiInputBase-colorPrimary MuiInputBase-formControl MuiInputBase-multiline css-xrmkj5-MuiInputBase-root-MuiOutlinedInput-root"
          >
            <textarea
              aria-invalid="false"
              class="MuiInputBase-input MuiOutlinedInput-input MuiInputBase-inputMultiline css-w4nesw-MuiInputBase-input-MuiOutlinedInput-input"
              id="«r1»"
              style="height: 0px; overflow: hidden;"
            />
            <textarea
              aria-hidden="true"
              class="MuiInputBase-input MuiOutlinedInput-input MuiInputBase-inputMultiline css-w4nesw-MuiInputBase-input-MuiOutlinedInput-input"
              readonly=""
              style="visibility: hidden; position: absolute; overflow: hidden; height: 0px; top: 0px; left: 0px; transform: translateZ(0); padding-top: 0px; padding-bottom: 0px; width: 100%;"
              tabindex="-1"
            />
            <fieldset
              aria-hidden="true"
              class="MuiOutlinedInput-notchedOutline css-18p5xg2-MuiNotchedOutlined-root-MuiOutlinedInput-notchedOutline"
            >
              <legend
                class="css-1n64csd-MuiNotchedOutlined-root"
              >
                <span>
                  Response
                </span>
              </legend>
            </fieldset>
          </div>
        </div>
        <br />
        <button
          class="MuiButtonBase-root MuiButton-root MuiButton-contained MuiButton-containedPrimary MuiButton-sizeMedium MuiButton-containedSizeMedium MuiButton-colorPrimary MuiButton-root MuiButton-contained MuiButton-containedPrimary MuiButton-sizeMedium MuiButton-containedSizeMedium MuiButton-colorPrimary css-74d805-MuiButtonBase-root-MuiButton-root"
          tabindex="0"
          type="button"
        >
          Add
        </button>
      </div>
    </div>
  </body>,
  "container": <div>
    <div
      class="MuiFormGroup-root css-1mac7pt-MuiFormGroup-root"
    >
      <div
        class="MuiFormControl-root MuiTextField-root css-1xp5r68-MuiFormControl-root-MuiTextField-root"
      >
        <label
          class="MuiFormLabel-root MuiInputLabel-root MuiInputLabel-formControl MuiInputLabel-animated MuiInputLabel-outlined MuiFormLabel-colorPrimary MuiInputLabel-root MuiInputLabel-formControl MuiInputLabel-animated MuiInputLabel-outlined css-19qnlrw-MuiFormLabel-root-MuiInputLabel-root"
          data-shrink="false"
          for="«r0»"
          id="«r0»-label"
        >
          Command
        </label>
        <div
          class="MuiInputBase-root MuiOutlinedInput-root MuiInputBase-colorPrimary MuiInputBase-formControl css-quhxjy-MuiInputBase-root-MuiOutlinedInput-root"
        >
          <input
            aria-invalid="false"
            class="MuiInputBase-input MuiOutlinedInput-input css-16wblaj-MuiInputBase-input-MuiOutlinedInput-input"
            id="«r0»"
            type="text"
            value=""
          />
          <fieldset
            aria-hidden="true"
            class="MuiOutlinedInput-notchedOutline css-18p5xg2-MuiNotchedOutlined-root-MuiOutlinedInput-notchedOutline"
          >
            <legend
              class="css-1n64csd-MuiNotchedOutlined-root"
            >
              <span>
                Command
              </span>
            </legend>
          </fieldset>
        </div>
      </div>
      <br />
      <div
        class="MuiFormControl-root MuiTextField-root css-1xp5r68-MuiFormControl-root-MuiTextField-root"
      >
        <label
          class="MuiFormLabel-root MuiInputLabel-root MuiInputLabel-formControl MuiInputLabel-animated MuiInputLabel-outlined MuiFormLabel-colorPrimary MuiInputLabel-root MuiInputLabel-formControl MuiInputLabel-animated MuiInputLabel-outlined css-19qnlrw-MuiFormLabel-root-MuiInputLabel-root"
          data-shrink="false"
          for="«r1»"
          id="«r1»-label"
        >
          Response
        </label>
        <div
          class="MuiInputBase-root MuiOutlinedInput-root MuiInputBase-colorPrimary MuiInputBase-formControl MuiInputBase-multiline css-xrmkj5-MuiInputBase-root-MuiOutlinedInput-root"
        >
          <textarea
            aria-invalid="false"
            class="MuiInputBase-input MuiOutlinedInput-input MuiInputBase-inputMultiline css-w4nesw-MuiInputBase-input-MuiOutlinedInput-input"
            id="«r1»"
            style="height: 0px; overflow: hidden;"
          />
          <textarea
            aria-hidden="true"
            class="MuiInputBase-input MuiOutlinedInput-input MuiInputBase-inputMultiline css-w4nesw-MuiInputBase-input-MuiOutlinedInput-input"
            readonly=""
            style="visibility: hidden; position: absolute; overflow: hidden; height: 0px; top: 0px; left: 0px; transform: translateZ(0); padding-top: 0px; padding-bottom: 0px; width: 100%;"
            tabindex="-1"
          />
          <fieldset
            aria-hidden="true"
            class="MuiOutlinedInput-notchedOutline css-18p5xg2-MuiNotchedOutlined-root-MuiOutlinedInput-notchedOutline"
          >
            <legend
              class="css-1n64csd-MuiNotchedOutlined-root"
            >
              <span>
                Response
              </span>
            </legend>
          </fieldset>
        </div>
      </div>
      <br />
      <button
        class="MuiButtonBase-root MuiButton-root MuiButton-contained MuiButton-containedPrimary MuiButton-sizeMedium MuiButton-containedSizeMedium MuiButton-colorPrimary MuiButton-root MuiButton-contained MuiButton-containedPrimary MuiButton-sizeMedium MuiButton-containedSizeMedium MuiButton-colorPrimary css-74d805-MuiButtonBase-root-MuiButton-root"
        tabindex="0"
        type="button"
      >
        Add
      </button>
    </div>
  </div>,
  "debug": [Function],
  "findAllByAltText": [Function],
  "findAllByDisplayValue": [Function],
  "findAllByLabelText": [Function],
  "findAllByPlaceholderText": [Function],
  "findAllByRole": [Function],
  "findAllByTestId": [Function],
  "findAllByText": [Function],
  "findAllByTitle": [Function],
  "findByAltText": [Function],
  "findByDisplayValue": [Function],
  "findByLabelText": [Function],
  "findByPlaceholderText": [Function],
  "findByRole": [Function],
  "findByTestId": [Function],
  "findByText": [Function],
  "findByTitle": [Function],
  "getAllByAltText": [Function],
  "getAllByDisplayValue": [Function],
  "getAllByLabelText": [Function],
  "getAllByPlaceholderText": [Function],
  "getAllByRole": [Function],
  "getAllByTestId": [Function],
  "getAllByText": [Function],
  "getAllByTitle": [Function],
  "getByAltText": [Function],
  "getByDisplayValue": [Function],
  "getByLabelText": [Function],
  "getByPlaceholderText": [Function],
  "getByRole": [Function],
  "getByTestId": [Function],
  "getByText": [Function],
  "getByTitle": [Function],
  "queryAllByAltText": [Function],
  "queryAllByDisplayValue": [Function],
  "queryAllByLabelText": [Function],
  "queryAllByPlaceholderText": [Function],
  "queryAllByRole": [Function],
  "queryAllByTestId": [Function],
  "queryAllByText": [Function],
  "queryAllByTitle": [Function],
  "queryByAltText": [Function],
  "queryByDisplayValue": [Function],
  "queryByLabelText": [Function],
  "queryByPlaceholderText": [Function],
  "queryByRole": [Function],
  "queryByTestId": [Function],
  "queryByText": [Function],
  "queryByTitle": [Function],
  "rerender": [Function],
  "store": Object {
    "@@observable": [Function],
    "dispatch": [Function],
    "getState": [Function],
    "replaceReducer": [Function],
    "subscribe": [Function],
  },
  "unmount": [Function],
}
`;
